123123
line 2 add